// Jest Snapshot v1, https://goo.gl/fbAQLP

exports[`Tests on <Header /> should match snapshot 1`] = `
<div>
  <header
    class="flex flex-col justify-center"
  >
    <h1
      class=" text-3xl tracking-[.3em] font-semibold text-center text-[#00494d] "
    >
      SPLI
      <br />
      TTER
    </h1>
  </header>
</div>
`;
